{"done": 1, "total": 216, "model": "G1", "kernel": "rwm", "multiplier": 0.5, "replicate": 0, "status": "completed"}
{"done": 2, "total": 216, "model": "G1", "kernel": "rwm", "multiplier": 0.5, "replicate": 1, "status": "completed"}
{"done": 3, "total": 216, "model": "G1", "kernel": "rwm", "multiplier": 1.0, "replicate": 0, "status": "completed"}
{"done": 4, "total": 216, "model": "G1", "kernel": "rwm", "multiplier": 1.0, "replicate": 1, "status": "completed"}
{"done": 5, "total": 216, "model": "G1", "kernel": "rwm", "multiplier": 1.5, "replicate": 0, "status": "completed"}
{"done": 6, "total": 216, "model": "G1", "kernel": "rwm", "multiplier": 1.5, "replicate": 1, "status": "completed"}
{"done": 7, "total": 216, "model": "G1", "kernel": "rwm", "multiplier": 2.4, "replicate": 0, "status": "completed"}
{"done": 8, "total": 216, "model": "G1", "kernel": "rwm", "multiplier": 2.4, "replicate": 1, "status": "completed"}
{"done": 9, "total": 216, "model": "G1", "kernel": "rwm", "multiplier": 3.5, "replicate": 0, "status": "completed"}
{"done": 10, "total": 216, "model": "G1", "kernel": "rwm", "multiplier": 3.5, "replicate": 1, "status": "completed"}
{"done": 11, "total": 216, "model": "G1", "kernel": "rwm", "multiplier": 5.0, "replicate": 0, "status": "completed"}
{"done": 12, "total": 216, "model": "G1", "kernel": "rwm", "multiplier": 5.0, "replicate": 1, "status": "completed"}
{"done": 13, "total": 216, "model": "G1", "kernel": "mala", "multiplier": 0.1, "replicate": 0, "status": "completed"}
{"done": 14, "total": 216, "model": "G1", "kernel": "mala", "multiplier": 0.1, "replicate": 1, "status": "completed"}
{"done": 15, "total": 216, "model": "G1", "kernel": "mala", "multiplier": 0.3, "replicate": 0, "status": "completed"}
{"done": 16, "total": 216, "model": "G1", "kernel": "mala", "multiplier": 0.3, "replicate": 1, "status": "completed"}
{"done": 17, "total": 216, "model": "G1", "kernel": "mala", "multiplier": 0.6, "replicate": 0, "status": "completed"}
{"done": 18, "total": 216, "model": "G1", "kernel": "mala", "multiplier": 0.6, "replicate": 1, "status": "completed"}
{"done": 19, "total": 216, "model": "G1", "kernel": "mala", "multiplier": 1.0, "replicate": 0, "status": "completed"}
{"done": 20, "total": 216, "model": "G1", "kernel": "mala", "multiplier": 1.0, "replicate": 1, "status": "completed"}
{"done": 21, "total": 216, "model": "G1", "kernel": "mala", "multiplier": 1.6, "replicate": 0, "status": "completed"}
{"done": 22, "total": 216, "model": "G1", "kernel": "mala", "multiplier": 1.6, "replicate": 1, "status": "completed"}
{"done": 23, "total": 216, "model": "G1", "kernel": "mala", "multiplier": 2.4, "replicate": 0, "status": "completed"}
{"done": 24, "total": 216, "model": "G1", "kernel": "mala", "multiplier": 2.4, "replicate": 1, "status": "completed"}
/Users/haku/Workspace/ParallelBayes/.venv-inference/lib/python3.12/site-packages/numpy/linalg/_linalg.py:2325: RuntimeWarning: divide by zero encountered in slogdet
  sign, logdet = _umath_linalg.slogdet(a, signature=signature)
/Users/haku/Workspace/ParallelBayes/.venv-inference/lib/python3.12/site-packages/numpy/linalg/_linalg.py:2325: RuntimeWarning: overflow encountered in slogdet
  sign, logdet = _umath_linalg.slogdet(a, signature=signature)
/Users/haku/Workspace/ParallelBayes/.venv-inference/lib/python3.12/site-packages/numpy/linalg/_linalg.py:2325: RuntimeWarning: invalid value encountered in slogdet
  sign, logdet = _umath_linalg.slogdet(a, signature=signature)
{"done": 25, "total": 216, "model": "G2", "kernel": "rwm", "multiplier": 0.5, "replicate": 0, "status": "completed"}
{"done": 26, "total": 216, "model": "G2", "kernel": "rwm", "multiplier": 0.5, "replicate": 1, "status": "completed"}
{"done": 27, "total": 216, "model": "G2", "kernel": "rwm", "multiplier": 1.0, "replicate": 0, "status": "completed"}
{"done": 28, "total": 216, "model": "G2", "kernel": "rwm", "multiplier": 1.0, "replicate": 1, "status": "completed"}
{"done": 29, "total": 216, "model": "G2", "kernel": "rwm", "multiplier": 1.5, "replicate": 0, "status": "completed"}
{"done": 30, "total": 216, "model": "G2", "kernel": "rwm", "multiplier": 1.5, "replicate": 1, "status": "completed"}
{"done": 31, "total": 216, "model": "G2", "kernel": "rwm", "multiplier": 2.4, "replicate": 0, "status": "completed"}
{"done": 32, "total": 216, "model": "G2", "kernel": "rwm", "multiplier": 2.4, "replicate": 1, "status": "completed"}
{"done": 33, "total": 216, "model": "G2", "kernel": "rwm", "multiplier": 3.5, "replicate": 0, "status": "completed"}
{"done": 34, "total": 216, "model": "G2", "kernel": "rwm", "multiplier": 3.5, "replicate": 1, "status": "completed"}
{"done": 35, "total": 216, "model": "G2", "kernel": "rwm", "multiplier": 5.0, "replicate": 0, "status": "completed"}
{"done": 36, "total": 216, "model": "G2", "kernel": "rwm", "multiplier": 5.0, "replicate": 1, "status": "completed"}
{"done": 37, "total": 216, "model": "G2", "kernel": "mala", "multiplier": 0.1, "replicate": 0, "status": "completed"}
{"done": 38, "total": 216, "model": "G2", "kernel": "mala", "multiplier": 0.1, "replicate": 1, "status": "completed"}
{"done": 39, "total": 216, "model": "G2", "kernel": "mala", "multiplier": 0.3, "replicate": 0, "status": "completed"}
{"done": 40, "total": 216, "model": "G2", "kernel": "mala", "multiplier": 0.3, "replicate": 1, "status": "completed"}
{"done": 41, "total": 216, "model": "G2", "kernel": "mala", "multiplier": 0.6, "replicate": 0, "status": "completed"}
{"done": 42, "total": 216, "model": "G2", "kernel": "mala", "multiplier": 0.6, "replicate": 1, "status": "completed"}
{"done": 43, "total": 216, "model": "G2", "kernel": "mala", "multiplier": 1.0, "replicate": 0, "status": "completed"}
{"done": 44, "total": 216, "model": "G2", "kernel": "mala", "multiplier": 1.0, "replicate": 1, "status": "completed"}
{"done": 45, "total": 216, "model": "G2", "kernel": "mala", "multiplier": 1.6, "replicate": 0, "status": "completed"}
{"done": 46, "total": 216, "model": "G2", "kernel": "mala", "multiplier": 1.6, "replicate": 1, "status": "completed"}
{"done": 47, "total": 216, "model": "G2", "kernel": "mala", "multiplier": 2.4, "replicate": 0, "status": "completed"}
{"done": 48, "total": 216, "model": "G2", "kernel": "mala", "multiplier": 2.4, "replicate": 1, "status": "completed"}
{"done": 49, "total": 216, "model": "A1", "kernel": "rwm", "multiplier": 0.5, "replicate": 0, "status": "completed"}
{"done": 50, "total": 216, "model": "A1", "kernel": "rwm", "multiplier": 0.5, "replicate": 1, "status": "completed"}
{"done": 51, "total": 216, "model": "A1", "kernel": "rwm", "multiplier": 1.0, "replicate": 0, "status": "completed"}
{"done": 52, "total": 216, "model": "A1", "kernel": "rwm", "multiplier": 1.0, "replicate": 1, "status": "completed"}
{"done": 53, "total": 216, "model": "A1", "kernel": "rwm", "multiplier": 1.5, "replicate": 0, "status": "completed"}
{"done": 54, "total": 216, "model": "A1", "kernel": "rwm", "multiplier": 1.5, "replicate": 1, "status": "completed"}
{"done": 55, "total": 216, "model": "A1", "kernel": "rwm", "multiplier": 2.4, "replicate": 0, "status": "completed"}
{"done": 56, "total": 216, "model": "A1", "kernel": "rwm", "multiplier": 2.4, "replicate": 1, "status": "completed"}
{"done": 57, "total": 216, "model": "A1", "kernel": "rwm", "multiplier": 3.5, "replicate": 0, "status": "completed"}
{"done": 58, "total": 216, "model": "A1", "kernel": "rwm", "multiplier": 3.5, "replicate": 1, "status": "completed"}
{"done": 59, "total": 216, "model": "A1", "kernel": "rwm", "multiplier": 5.0, "replicate": 0, "status": "completed"}
{"done": 60, "total": 216, "model": "A1", "kernel": "rwm", "multiplier": 5.0, "replicate": 1, "status": "completed"}
{"done": 61, "total": 216, "model": "A1", "kernel": "mala", "multiplier": 0.1, "replicate": 0, "status": "completed"}
{"done": 62, "total": 216, "model": "A1", "kernel": "mala", "multiplier": 0.1, "replicate": 1, "status": "completed"}
{"done": 63, "total": 216, "model": "A1", "kernel": "mala", "multiplier": 0.3, "replicate": 0, "status": "completed"}
{"done": 64, "total": 216, "model": "A1", "kernel": "mala", "multiplier": 0.3, "replicate": 1, "status": "completed"}
{"done": 65, "total": 216, "model": "A1", "kernel": "mala", "multiplier": 0.6, "replicate": 0, "status": "completed"}
{"done": 66, "total": 216, "model": "A1", "kernel": "mala", "multiplier": 0.6, "replicate": 1, "status": "completed"}
{"done": 67, "total": 216, "model": "A1", "kernel": "mala", "multiplier": 1.0, "replicate": 0, "status": "completed"}
{"done": 68, "total": 216, "model": "A1", "kernel": "mala", "multiplier": 1.0, "replicate": 1, "status": "completed"}
{"done": 69, "total": 216, "model": "A1", "kernel": "mala", "multiplier": 1.6, "replicate": 0, "status": "completed"}
{"done": 70, "total": 216, "model": "A1", "kernel": "mala", "multiplier": 1.6, "replicate": 1, "status": "completed"}
{"done": 71, "total": 216, "model": "A1", "kernel": "mala", "multiplier": 2.4, "replicate": 0, "status": "completed"}
{"done": 72, "total": 216, "model": "A1", "kernel": "mala", "multiplier": 2.4, "replicate": 1, "status": "completed"}
{"done": 73, "total": 216, "model": "L1", "kernel": "rwm", "multiplier": 0.5, "replicate": 0, "status": "completed"}
{"done": 74, "total": 216, "model": "L1", "kernel": "rwm", "multiplier": 0.5, "replicate": 1, "status": "completed"}
{"done": 75, "total": 216, "model": "L1", "kernel": "rwm", "multiplier": 1.0, "replicate": 0, "status": "completed"}
{"done": 76, "total": 216, "model": "L1", "kernel": "rwm", "multiplier": 1.0, "replicate": 1, "status": "completed"}
{"done": 77, "total": 216, "model": "L1", "kernel": "rwm", "multiplier": 1.5, "replicate": 0, "status": "completed"}
{"done": 78, "total": 216, "model": "L1", "kernel": "rwm", "multiplier": 1.5, "replicate": 1, "status": "completed"}
{"done": 79, "total": 216, "model": "L1", "kernel": "rwm", "multiplier": 2.4, "replicate": 0, "status": "completed"}
{"done": 80, "total": 216, "model": "L1", "kernel": "rwm", "multiplier": 2.4, "replicate": 1, "status": "completed"}
{"done": 81, "total": 216, "model": "L1", "kernel": "rwm", "multiplier": 3.5, "replicate": 0, "status": "completed"}
{"done": 82, "total": 216, "model": "L1", "kernel": "rwm", "multiplier": 3.5, "replicate": 1, "status": "completed"}
{"done": 83, "total": 216, "model": "L1", "kernel": "rwm", "multiplier": 5.0, "replicate": 0, "status": "completed"}
{"done": 84, "total": 216, "model": "L1", "kernel": "rwm", "multiplier": 5.0, "replicate": 1, "status": "completed"}
{"done": 85, "total": 216, "model": "L1", "kernel": "mala", "multiplier": 0.1, "replicate": 0, "status": "completed"}
{"done": 86, "total": 216, "model": "L1", "kernel": "mala", "multiplier": 0.1, "replicate": 1, "status": "completed"}
{"done": 87, "total": 216, "model": "L1", "kernel": "mala", "multiplier": 0.3, "replicate": 0, "status": "completed"}
{"done": 88, "total": 216, "model": "L1", "kernel": "mala", "multiplier": 0.3, "replicate": 1, "status": "completed"}
{"done": 89, "total": 216, "model": "L1", "kernel": "mala", "multiplier": 0.6, "replicate": 0, "status": "completed"}
{"done": 90, "total": 216, "model": "L1", "kernel": "mala", "multiplier": 0.6, "replicate": 1, "status": "completed"}
{"done": 91, "total": 216, "model": "L1", "kernel": "mala", "multiplier": 1.0, "replicate": 0, "status": "completed"}
{"done": 92, "total": 216, "model": "L1", "kernel": "mala", "multiplier": 1.0, "replicate": 1, "status": "completed"}
{"done": 93, "total": 216, "model": "L1", "kernel": "mala", "multiplier": 1.6, "replicate": 0, "status": "completed"}
{"done": 94, "total": 216, "model": "L1", "kernel": "mala", "multiplier": 1.6, "replicate": 1, "status": "completed"}
{"done": 95, "total": 216, "model": "L1", "kernel": "mala", "multiplier": 2.4, "replicate": 0, "status": "completed"}
{"done": 96, "total": 216, "model": "L1", "kernel": "mala", "multiplier": 2.4, "replicate": 1, "status": "completed"}
{"done": 97, "total": 216, "model": "L2", "kernel": "rwm", "multiplier": 0.5, "replicate": 0, "status": "completed"}
{"done": 98, "total": 216, "model": "L2", "kernel": "rwm", "multiplier": 0.5, "replicate": 1, "status": "completed"}
{"done": 99, "total": 216, "model": "L2", "kernel": "rwm", "multiplier": 1.0, "replicate": 0, "status": "completed"}
{"done": 100, "total": 216, "model": "L2", "kernel": "rwm", "multiplier": 1.0, "replicate": 1, "status": "completed"}
{"done": 101, "total": 216, "model": "L2", "kernel": "rwm", "multiplier": 1.5, "replicate": 0, "status": "completed"}
{"done": 102, "total": 216, "model": "L2", "kernel": "rwm", "multiplier": 1.5, "replicate": 1, "status": "completed"}
{"done": 103, "total": 216, "model": "L2", "kernel": "rwm", "multiplier": 2.4, "replicate": 0, "status": "completed"}
{"done": 104, "total": 216, "model": "L2", "kernel": "rwm", "multiplier": 2.4, "replicate": 1, "status": "completed"}
{"done": 105, "total": 216, "model": "L2", "kernel": "rwm", "multiplier": 3.5, "replicate": 0, "status": "completed"}
{"done": 106, "total": 216, "model": "L2", "kernel": "rwm", "multiplier": 3.5, "replicate": 1, "status": "completed"}
{"done": 107, "total": 216, "model": "L2", "kernel": "rwm", "multiplier": 5.0, "replicate": 0, "status": "completed"}
{"done": 108, "total": 216, "model": "L2", "kernel": "rwm", "multiplier": 5.0, "replicate": 1, "status": "completed"}
{"done": 109, "total": 216, "model": "L2", "kernel": "mala", "multiplier": 0.1, "replicate": 0, "status": "completed"}
{"done": 110, "total": 216, "model": "L2", "kernel": "mala", "multiplier": 0.1, "replicate": 1, "status": "completed"}
{"done": 111, "total": 216, "model": "L2", "kernel": "mala", "multiplier": 0.3, "replicate": 0, "status": "completed"}
{"done": 112, "total": 216, "model": "L2", "kernel": "mala", "multiplier": 0.3, "replicate": 1, "status": "completed"}
{"done": 113, "total": 216, "model": "L2", "kernel": "mala", "multiplier": 0.6, "replicate": 0, "status": "completed"}
{"done": 114, "total": 216, "model": "L2", "kernel": "mala", "multiplier": 0.6, "replicate": 1, "status": "completed"}
{"done": 115, "total": 216, "model": "L2", "kernel": "mala", "multiplier": 1.0, "replicate": 0, "status": "completed"}
{"done": 116, "total": 216, "model": "L2", "kernel": "mala", "multiplier": 1.0, "replicate": 1, "status": "completed"}
{"done": 117, "total": 216, "model": "L2", "kernel": "mala", "multiplier": 1.6, "replicate": 0, "status": "completed"}
{"done": 118, "total": 216, "model": "L2", "kernel": "mala", "multiplier": 1.6, "replicate": 1, "status": "completed"}
{"done": 119, "total": 216, "model": "L2", "kernel": "mala", "multiplier": 2.4, "replicate": 0, "status": "completed"}
{"done": 120, "total": 216, "model": "L2", "kernel": "mala", "multiplier": 2.4, "replicate": 1, "status": "completed"}
{"done": 121, "total": 216, "model": "H1", "kernel": "rwm", "multiplier": 0.5, "replicate": 0, "status": "completed"}
{"done": 122, "total": 216, "model": "H1", "kernel": "rwm", "multiplier": 0.5, "replicate": 1, "status": "completed"}
{"done": 123, "total": 216, "model": "H1", "kernel": "rwm", "multiplier": 1.0, "replicate": 0, "status": "completed"}
{"done": 124, "total": 216, "model": "H1", "kernel": "rwm", "multiplier": 1.0, "replicate": 1, "status": "completed"}
{"done": 125, "total": 216, "model": "H1", "kernel": "rwm", "multiplier": 1.5, "replicate": 0, "status": "completed"}
{"done": 126, "total": 216, "model": "H1", "kernel": "rwm", "multiplier": 1.5, "replicate": 1, "status": "completed"}
{"done": 127, "total": 216, "model": "H1", "kernel": "rwm", "multiplier": 2.4, "replicate": 0, "status": "completed"}
{"done": 128, "total": 216, "model": "H1", "kernel": "rwm", "multiplier": 2.4, "replicate": 1, "status": "completed"}
{"done": 129, "total": 216, "model": "H1", "kernel": "rwm", "multiplier": 3.5, "replicate": 0, "status": "completed"}
{"done": 130, "total": 216, "model": "H1", "kernel": "rwm", "multiplier": 3.5, "replicate": 1, "status": "completed"}
{"done": 131, "total": 216, "model": "H1", "kernel": "rwm", "multiplier": 5.0, "replicate": 0, "status": "completed"}
{"done": 132, "total": 216, "model": "H1", "kernel": "rwm", "multiplier": 5.0, "replicate": 1, "status": "completed"}
{"done": 133, "total": 216, "model": "H1", "kernel": "mala", "multiplier": 0.1, "replicate": 0, "status": "completed"}
{"done": 134, "total": 216, "model": "H1", "kernel": "mala", "multiplier": 0.1, "replicate": 1, "status": "completed"}
{"done": 135, "total": 216, "model": "H1", "kernel": "mala", "multiplier": 0.3, "replicate": 0, "status": "completed"}
{"done": 136, "total": 216, "model": "H1", "kernel": "mala", "multiplier": 0.3, "replicate": 1, "status": "completed"}
{"done": 137, "total": 216, "model": "H1", "kernel": "mala", "multiplier": 0.6, "replicate": 0, "status": "completed"}
{"done": 138, "total": 216, "model": "H1", "kernel": "mala", "multiplier": 0.6, "replicate": 1, "status": "completed"}
{"done": 139, "total": 216, "model": "H1", "kernel": "mala", "multiplier": 1.0, "replicate": 0, "status": "completed"}
{"done": 140, "total": 216, "model": "H1", "kernel": "mala", "multiplier": 1.0, "replicate": 1, "status": "completed"}
{"done": 141, "total": 216, "model": "H1", "kernel": "mala", "multiplier": 1.6, "replicate": 0, "status": "failed"}
{"done": 142, "total": 216, "model": "H1", "kernel": "mala", "multiplier": 1.6, "replicate": 1, "status": "failed"}
{"done": 143, "total": 216, "model": "H1", "kernel": "mala", "multiplier": 2.4, "replicate": 0, "status": "failed"}
{"done": 144, "total": 216, "model": "H1", "kernel": "mala", "multiplier": 2.4, "replicate": 1, "status": "failed"}
{"done": 145, "total": 216, "model": "H2", "kernel": "rwm", "multiplier": 0.5, "replicate": 0, "status": "completed"}
{"done": 146, "total": 216, "model": "H2", "kernel": "rwm", "multiplier": 0.5, "replicate": 1, "status": "completed"}
{"done": 147, "total": 216, "model": "H2", "kernel": "rwm", "multiplier": 1.0, "replicate": 0, "status": "completed"}
{"done": 148, "total": 216, "model": "H2", "kernel": "rwm", "multiplier": 1.0, "replicate": 1, "status": "completed"}
{"done": 149, "total": 216, "model": "H2", "kernel": "rwm", "multiplier": 1.5, "replicate": 0, "status": "completed"}
{"done": 150, "total": 216, "model": "H2", "kernel": "rwm", "multiplier": 1.5, "replicate": 1, "status": "completed"}
{"done": 151, "total": 216, "model": "H2", "kernel": "rwm", "multiplier": 2.4, "replicate": 0, "status": "completed"}
{"done": 152, "total": 216, "model": "H2", "kernel": "rwm", "multiplier": 2.4, "replicate": 1, "status": "completed"}
{"done": 153, "total": 216, "model": "H2", "kernel": "rwm", "multiplier": 3.5, "replicate": 0, "status": "completed"}
{"done": 154, "total": 216, "model": "H2", "kernel": "rwm", "multiplier": 3.5, "replicate": 1, "status": "completed"}
{"done": 155, "total": 216, "model": "H2", "kernel": "rwm", "multiplier": 5.0, "replicate": 0, "status": "completed"}
{"done": 156, "total": 216, "model": "H2", "kernel": "rwm", "multiplier": 5.0, "replicate": 1, "status": "completed"}
{"done": 157, "total": 216, "model": "H2", "kernel": "mala", "multiplier": 0.1, "replicate": 0, "status": "completed"}
{"done": 158, "total": 216, "model": "H2", "kernel": "mala", "multiplier": 0.1, "replicate": 1, "status": "completed"}
{"done": 159, "total": 216, "model": "H2", "kernel": "mala", "multiplier": 0.3, "replicate": 0, "status": "completed"}
{"done": 160, "total": 216, "model": "H2", "kernel": "mala", "multiplier": 0.3, "replicate": 1, "status": "completed"}
{"done": 161, "total": 216, "model": "H2", "kernel": "mala", "multiplier": 0.6, "replicate": 0, "status": "completed"}
{"done": 162, "total": 216, "model": "H2", "kernel": "mala", "multiplier": 0.6, "replicate": 1, "status": "completed"}
{"done": 163, "total": 216, "model": "H2", "kernel": "mala", "multiplier": 1.0, "replicate": 0, "status": "completed"}
{"done": 164, "total": 216, "model": "H2", "kernel": "mala", "multiplier": 1.0, "replicate": 1, "status": "completed"}
{"done": 165, "total": 216, "model": "H2", "kernel": "mala", "multiplier": 1.6, "replicate": 0, "status": "completed"}
{"done": 166, "total": 216, "model": "H2", "kernel": "mala", "multiplier": 1.6, "replicate": 1, "status": "completed"}
{"done": 167, "total": 216, "model": "H2", "kernel": "mala", "multiplier": 2.4, "replicate": 0, "status": "completed"}
{"done": 168, "total": 216, "model": "H2", "kernel": "mala", "multiplier": 2.4, "replicate": 1, "status": "completed"}
{"done": 169, "total": 216, "model": "M1", "kernel": "rwm", "multiplier": 0.5, "replicate": 0, "status": "completed"}
{"done": 170, "total": 216, "model": "M1", "kernel": "rwm", "multiplier": 0.5, "replicate": 1, "status": "completed"}
{"done": 171, "total": 216, "model": "M1", "kernel": "rwm", "multiplier": 1.0, "replicate": 0, "status": "completed"}
{"done": 172, "total": 216, "model": "M1", "kernel": "rwm", "multiplier": 1.0, "replicate": 1, "status": "completed"}
{"done": 173, "total": 216, "model": "M1", "kernel": "rwm", "multiplier": 1.5, "replicate": 0, "status": "completed"}
{"done": 174, "total": 216, "model": "M1", "kernel": "rwm", "multiplier": 1.5, "replicate": 1, "status": "completed"}
{"done": 175, "total": 216, "model": "M1", "kernel": "rwm", "multiplier": 2.4, "replicate": 0, "status": "completed"}
{"done": 176, "total": 216, "model": "M1", "kernel": "rwm", "multiplier": 2.4, "replicate": 1, "status": "completed"}
{"done": 177, "total": 216, "model": "M1", "kernel": "rwm", "multiplier": 3.5, "replicate": 0, "status": "completed"}
{"done": 178, "total": 216, "model": "M1", "kernel": "rwm", "multiplier": 3.5, "replicate": 1, "status": "completed"}
{"done": 179, "total": 216, "model": "M1", "kernel": "rwm", "multiplier": 5.0, "replicate": 0, "status": "completed"}
{"done": 180, "total": 216, "model": "M1", "kernel": "rwm", "multiplier": 5.0, "replicate": 1, "status": "completed"}
{"done": 181, "total": 216, "model": "M1", "kernel": "mala", "multiplier": 0.1, "replicate": 0, "status": "completed"}
{"done": 182, "total": 216, "model": "M1", "kernel": "mala", "multiplier": 0.1, "replicate": 1, "status": "completed"}
{"done": 183, "total": 216, "model": "M1", "kernel": "mala", "multiplier": 0.3, "replicate": 0, "status": "completed"}
{"done": 184, "total": 216, "model": "M1", "kernel": "mala", "multiplier": 0.3, "replicate": 1, "status": "completed"}
{"done": 185, "total": 216, "model": "M1", "kernel": "mala", "multiplier": 0.6, "replicate": 0, "status": "completed"}
{"done": 186, "total": 216, "model": "M1", "kernel": "mala", "multiplier": 0.6, "replicate": 1, "status": "completed"}
{"done": 187, "total": 216, "model": "M1", "kernel": "mala", "multiplier": 1.0, "replicate": 0, "status": "completed"}
{"done": 188, "total": 216, "model": "M1", "kernel": "mala", "multiplier": 1.0, "replicate": 1, "status": "completed"}
{"done": 189, "total": 216, "model": "M1", "kernel": "mala", "multiplier": 1.6, "replicate": 0, "status": "completed"}
{"done": 190, "total": 216, "model": "M1", "kernel": "mala", "multiplier": 1.6, "replicate": 1, "status": "completed"}
{"done": 191, "total": 216, "model": "M1", "kernel": "mala", "multiplier": 2.4, "replicate": 0, "status": "completed"}
{"done": 192, "total": 216, "model": "M1", "kernel": "mala", "multiplier": 2.4, "replicate": 1, "status": "completed"}
{"done": 193, "total": 216, "model": "W1", "kernel": "rwm", "multiplier": 0.5, "replicate": 0, "status": "completed"}
{"done": 194, "total": 216, "model": "W1", "kernel": "rwm", "multiplier": 0.5, "replicate": 1, "status": "completed"}
{"done": 195, "total": 216, "model": "W1", "kernel": "rwm", "multiplier": 1.0, "replicate": 0, "status": "completed"}
{"done": 196, "total": 216, "model": "W1", "kernel": "rwm", "multiplier": 1.0, "replicate": 1, "status": "completed"}
{"done": 197, "total": 216, "model": "W1", "kernel": "rwm", "multiplier": 1.5, "replicate": 0, "status": "completed"}
{"done": 198, "total": 216, "model": "W1", "kernel": "rwm", "multiplier": 1.5, "replicate": 1, "status": "completed"}
{"done": 199, "total": 216, "model": "W1", "kernel": "rwm", "multiplier": 2.4, "replicate": 0, "status": "completed"}
{"done": 200, "total": 216, "model": "W1", "kernel": "rwm", "multiplier": 2.4, "replicate": 1, "status": "completed"}
{"done": 201, "total": 216, "model": "W1", "kernel": "rwm", "multiplier": 3.5, "replicate": 0, "status": "completed"}
{"done": 202, "total": 216, "model": "W1", "kernel": "rwm", "multiplier": 3.5, "replicate": 1, "status": "completed"}
{"done": 203, "total": 216, "model": "W1", "kernel": "rwm", "multiplier": 5.0, "replicate": 0, "status": "completed"}
{"done": 204, "total": 216, "model": "W1", "kernel": "rwm", "multiplier": 5.0, "replicate": 1, "status": "completed"}
{"done": 205, "total": 216, "model": "W1", "kernel": "mala", "multiplier": 0.1, "replicate": 0, "status": "completed"}
{"done": 206, "total": 216, "model": "W1", "kernel": "mala", "multiplier": 0.1, "replicate": 1, "status": "completed"}
{"done": 207, "total": 216, "model": "W1", "kernel": "mala", "multiplier": 0.3, "replicate": 0, "status": "completed"}
{"done": 208, "total": 216, "model": "W1", "kernel": "mala", "multiplier": 0.3, "replicate": 1, "status": "completed"}
{"done": 209, "total": 216, "model": "W1", "kernel": "mala", "multiplier": 0.6, "replicate": 0, "status": "completed"}
{"done": 210, "total": 216, "model": "W1", "kernel": "mala", "multiplier": 0.6, "replicate": 1, "status": "completed"}
{"done": 211, "total": 216, "model": "W1", "kernel": "mala", "multiplier": 1.0, "replicate": 0, "status": "completed"}
{"done": 212, "total": 216, "model": "W1", "kernel": "mala", "multiplier": 1.0, "replicate": 1, "status": "completed"}
{"done": 213, "total": 216, "model": "W1", "kernel": "mala", "multiplier": 1.6, "replicate": 0, "status": "completed"}
{"done": 214, "total": 216, "model": "W1", "kernel": "mala", "multiplier": 1.6, "replicate": 1, "status": "completed"}
{"done": 215, "total": 216, "model": "W1", "kernel": "mala", "multiplier": 2.4, "replicate": 0, "status": "completed"}
{"done": 216, "total": 216, "model": "W1", "kernel": "mala", "multiplier": 2.4, "replicate": 1, "status": "completed"}
{
  "protocol_sha256": "6cc71de8a5a5949943f59b2972eb32814782b4ccdd149c6e1bc1961b3e8d4a92",
  "cases": 216,
  "completed": 212,
  "failed": 4,
  "all_case_wall_seconds": 226.91706807981245,
  "invocation_wall_seconds": 227.28777016699314,
  "scope": "MH step development, not formal posterior accuracy, convergence, acceleration or optimal tuning evidence",
  "formal_inference_complete": false
}
