F                                                                        [100%]
=================================== FAILURES ===================================
__________ test_analysis_uses_frozen_files_and_rejects_changed_files ___________

tmp_path = PosixPath('/private/var/folders/gv/dfzdj0l16ks_jlqb52rq33br0000gn/T/pytest-of-haku/pytest-0/test_analysis_uses_frozen_file0')

    def test_analysis_uses_frozen_files_and_rejects_changed_files(tmp_path):
        from mechanism_runner import design, run_group, source_files, sha, actual_hash, identity
        from analyze_mechanism_pilot import analyze
        plan = design('smoke')
        spec = dict(kind='gaussian', dimension=1, mean=[0.], covariance=[[1.]])
        group = dict(id='literal-normal', model='G1', kernel='rwm', replicate=0,
                     chains=1, draws=4, windows=[2], step_size=.5, role='input_contract_test')
        # Deliberately literal data, not reconstructed from the plan's RNG seed.
        tape = dict(noise=np.array([[[.25],[-.5],[1.],[.1]]]),
                    log_uniform=np.full((1,4), -1.), directions=np.ones((1,4,1)))
        inputs = tmp_path/'inputs'; inputs.mkdir()
        np.savez_compressed(inputs/'G1-r0.npz', **tape)
        plan.update(models={'G1':spec}, groups=[group], technical_replays=1,
                    source_commit='test-fixture', source_files=source_files(),
                    inputs={'G1-r0':dict(file_sha256=sha(inputs/'G1-r0.npz'), actual_sha256=actual_hash(tape))})
        plan['protocol_sha256'] = identity(plan)
        protocol = tmp_path/'plan.json'; protocol.write_text(json.dumps(plan))
        run = tmp_path/'run'; run.mkdir()
        (run/'run.json').write_text(json.dumps(dict(protocol_sha256=plan['protocol_sha256'], device='cpu')))
        run_group(spec, group, tape, run/'groups'/group['id'], 'cpu', technical_replays=1)
        out = tmp_path/'analysis'
>       analyze(protocol, run, out, inputs=inputs)
E       TypeError: analyze() got an unexpected keyword argument 'inputs'

tests/handoff/test_mechanism_analysis_inputs.py:33: TypeError
=============================== warnings summary ===============================
tests/handoff/test_mechanism_analysis_inputs.py: 18 warnings
  /Users/haku/Workspace/ParallelBayes/.venv-inference/lib/python3.12/site-packages/torch/jit/_script.py:1488: DeprecationWarning: `torch.jit.script` is deprecated. Please switch to `torch.compile` or `torch.export`.
    warnings.warn(

-- Docs: https://docs.pytest.org/en/stable/how-to/capture-warnings.html
=========================== short test summary info ============================
FAILED tests/handoff/test_mechanism_analysis_inputs.py::test_analysis_uses_frozen_files_and_rejects_changed_files
1 failed, 18 warnings in 2.08s
