{"starting": "G1", "device": "cuda:0"}
{"done": "G1", "status": "completed"}
{"starting": "G2", "device": "cuda:0"}
{"done": "G2", "status": "completed"}
{"starting": "A1", "device": "cuda:0"}
{"done": "A1", "status": "completed"}
{"starting": "L1", "device": "cuda:0"}
{"done": "L1", "status": "completed"}
{"starting": "L2", "device": "cuda:0"}
{"done": "L2", "status": "completed"}
{"starting": "H1", "device": "cuda:0"}
{"done": "H1", "status": "completed"}
{"starting": "H2", "device": "cuda:0"}
{"done": "H2", "status": "completed"}
{"starting": "M1", "device": "cuda:0"}
{"done": "M1", "status": "completed"}
{"starting": "W1", "device": "cuda:0"}
{"done": "W1", "status": "completed"}
{
  "protocol_sha256": "e29d26f2d5836c91001be9bfd5a7c6f156b54c96daf2cbaeaa30fb04d32acf93",
  "device": "cuda:0",
  "planned_targets": 9,
  "completed_targets": 9,
  "failed_targets": 0,
  "planned_workflows": 54,
  "completed_workflows": 54,
  "failed_workflows": 0,
  "passed_pairs": 36,
  "planned_pairs": 36,
  "newly_executed_targets": 9,
  "invocation_seconds": 92.39837799999805,
  "scope": "Device/target and selected-kernel time-executor readiness. Not formal inference, convergence or performance evidence.",
  "formal_inference_complete": false
}
