...F                                                                     [100%]
=================================== FAILURES ===================================
_____________ test_unsealed_failed_worker_output_cannot_be_retried _____________

tmp_path = PosixPath('/private/var/folders/gv/dfzdj0l16ks_jlqb52rq33br0000gn/T/pytest-of-haku/pytest-74/test_unsealed_failed_worker_ou0')

    @pytest.mark.skipif(sys.platform!='darwin',reason='Native Mac process-group recovery profile')
    def test_unsealed_failed_worker_output_cannot_be_retried(tmp_path):
        from formal_runtime import execute_task
        from formal_recovery import recover_task, RecoveryConflict
        worker=tmp_path/'worker.py'
        worker.write_text('''import json,sys
    from pathlib import Path
    (Path(sys.argv[2])/'worker-result.json').write_text(json.dumps(dict(status='failed',samples_eligible=False)))
    ''')
        original=tmp_path/'unsealed-failure';lock=tmp_path/'host.lock'
        execute_task({'id':'missing-finalization'},{},worker,original,lock,1024,2**30)
        # Artificial fixture: retain the worker's explicit failed result while
        # removing only this fixture's supervisor finalization files.
        (original/'state.json').unlink();(original/'completion.json').unlink()
>       with pytest.raises(RecoveryConflict,match='worker.*failed'):
             ^^^^^^^^^^^^^^^^^^^^^^^^^^^^^^^^^^^^^^^^^^^^^^^^^^^^^^
E       Failed: DID NOT RAISE <class 'formal_recovery.RecoveryConflict'>

tests/external/test_formal_recovery.py:140: Failed
=========================== short test summary info ============================
FAILED tests/external/test_formal_recovery.py::test_unsealed_failed_worker_output_cannot_be_retried
1 failed, 3 passed in 0.53s
