{"visited": 1, "id": "003b2d6482ec432d84fc47c0", "replay_passed": false}
{"visited": 2, "id": "0150c74f72e868e364ffc87f", "replay_passed": false}
{"visited": 3, "id": "05b3f2c68a126b9b533e37d7", "replay_passed": false}
{"visited": 4, "id": "07dde2f93a01aa71066036f7", "replay_passed": false}
{"visited": 5, "id": "0eb9ef2e28735793d7cd847c", "replay_passed": false}
{"visited": 6, "id": "16a4d7ac895f86d179fe6a39", "replay_passed": false}
{"visited": 7, "id": "253867a474a64e8b1201370b", "replay_passed": false}
{"visited": 8, "id": "29109d09c77705b879ba66b6", "replay_passed": false}
{"visited": 9, "id": "32c2f99076611f43a90fb37a", "replay_passed": false}
{"visited": 10, "id": "33e2ca296a5e8ff170853377", "replay_passed": false}
{"visited": 11, "id": "34efe2e8b34530de33d985dc", "replay_passed": false}
{"visited": 12, "id": "42ded9ffe3a774aea1005c97", "replay_passed": false}
{"visited": 13, "id": "4468197420d592739062e096", "replay_passed": false}
{"visited": 14, "id": "456f9816f89211130f3e3b47", "replay_passed": false}
{"visited": 15, "id": "500e169144b0a93bddba1721", "replay_passed": false}
{"visited": 16, "id": "55aa7ef81fd042833bebf555", "replay_passed": false}
{"visited": 17, "id": "69465f6909f2f510ab42c4b8", "replay_passed": false}
{"visited": 18, "id": "7283a44f80a00d7b230b71ce", "replay_passed": false}
{"visited": 19, "id": "786dc342b7a56d146e1b3812", "replay_passed": false}
{"visited": 20, "id": "9de3a3745d32baacf8e61ca5", "replay_passed": false}
{"visited": 21, "id": "a4cc7d7cff477262f528808a", "replay_passed": false}
{"visited": 22, "id": "a6e4a74b117980b1653f5241", "replay_passed": false}
{"visited": 23, "id": "a8cc4212d629b9a28f1d4bef", "replay_passed": false}
{"visited": 24, "id": "aaf5777b75e821d0790b6926", "replay_passed": false}
{"visited": 25, "id": "ade2e1c52e1c69baf6530433", "replay_passed": false}
{"visited": 26, "id": "c0aa79c6914d252e47d611de", "replay_passed": false}
{"visited": 27, "id": "c42141b3a5ea88407e95a3cd", "replay_passed": false}
{"visited": 28, "id": "c4e2047247c6711e99694b22", "replay_passed": false}
{"visited": 29, "id": "c6f2a5cdbf512d24c16c32ae", "replay_passed": false}
{"visited": 30, "id": "ca8c0331efbec2f294276716", "replay_passed": false}
{"visited": 31, "id": "cc23220c61d0ae8be56a5028", "replay_passed": false}
{"visited": 32, "id": "d827dba2dbc3aac4c03933c3", "replay_passed": false}
{"visited": 33, "id": "db29530330ab93ebe344a905", "replay_passed": false}
{"visited": 34, "id": "dd16a2384d2b4795c68815f3", "replay_passed": false}
{"visited": 35, "id": "e19e9951d458f2b6b2491ec5", "replay_passed": false}
{"visited": 36, "id": "e4513d1daa3fc7223bc619a8", "replay_passed": false}
{"visited": 37, "id": "ed7aba1e89976e391399ff97", "replay_passed": false}
{"visited": 38, "id": "eef0a068d9a4b8ee9395a3d7", "replay_passed": false}
{"visited": 39, "id": "f00e5015268f17b8285ab6c6", "replay_passed": false}
{"visited": 40, "id": "f6eaf18b871386ec24a10f18", "replay_passed": false}
{"visited": 41, "id": "f7562eda75242289755e7c6c", "replay_passed": false}
{"visited": 42, "id": "fc5121c6ee5feb6b90b573f3", "replay_passed": false}
{
  "schema": "compact-numerical-failure-companion-v1",
  "scope": "Retrospective replay of original excluded paths; no reclassification",
  "archived_source_files": 253,
  "original_manifest_sha256": "38e68557b03e4e153a2321fe6b8e5210c99557500746c86f855480edc81ab75e",
  "task_table_sha256": "6fb95f70337146f48d2e88f4437acded20ea5deaa0349023b880b7b1a06532c3",
  "original_failure_count": 42,
  "original_candidate_statuses": {
    "completed": 42
  },
  "original_stop_reasons": {
    "output_standard_met": 42
  },
  "original_solver_statuses": {
    "0": 42
  },
  "original_event_mismatches": 0,
  "mac_replay_passed": 0,
  "mac_replay_failed": 42,
  "mac_event_mismatches": 0,
  "mac_checked_transitions": 602112,
  "mac_maximum_path_error": 0.00572866985443099,
  "original_maximum_path_error": 0.0057286698530647495,
  "new_sampler_calls": 0,
  "new_formal_repetitions": 0,
  "new_R_diagnostic_calls": 0,
  "original_classifications_changed": 0,
  "excluded_paths_promoted_to_posterior": 0
}
