end-to-end: ...............

══ DONE ════════════════════════════════════════════════════════════════════════
R version 4.6.0 (2026-04-24)
Platform: aarch64-apple-darwin23
Running under: macOS Tahoe 26.6.2

Matrix products: default
BLAS:   /Library/Frameworks/R.framework/Versions/4.6/Resources/lib/libRblas.0.dylib 
LAPACK: /Library/Frameworks/R.framework/Versions/4.6/Resources/lib/libRlapack.dylib;  LAPACK version 3.12.1

locale:
[1] C.UTF-8/C.UTF-8/C.UTF-8/C/C.UTF-8/C.UTF-8

time zone: Asia/Tokyo
tzcode source: internal

attached base packages:
[1] stats     graphics  grDevices utils     datasets  methods   base     

other attached packages:
[1] parallelbayes_0.1.1 testthat_3.3.2     

loaded via a namespace (and not attached):
 [1] vctrs_0.7.3          cli_3.6.6            rlang_1.2.0         
 [4] otel_0.2.0           pkgload_1.5.3        png_0.1-9           
 [7] tensorA_0.36.2.1     generics_0.1.4       jsonlite_2.0.0      
[10] glue_1.8.1           backports_1.5.1      rprojroot_2.1.1     
[13] distributional_0.7.0 brio_1.1.5           grid_4.6.0          
[16] tibble_3.3.1         abind_1.4-8          lifecycle_1.0.5     
[19] compiler_4.6.0       posterior_1.7.0      pkgconfig_2.0.3     
[22] Rcpp_1.1.1-1.1       waldo_0.6.2          rstudioapi_0.18.0   
[25] lattice_0.22-9       R6_2.6.1             reticulate_1.47.0   
[28] pillar_1.11.1        magrittr_2.0.5       checkmate_2.3.4     
[31] Matrix_1.7-5         tools_4.6.0          withr_3.0.2         
[34] desc_1.4.3          
