...F                                                                     [100%]
=================================== FAILURES ===================================
_ test_bounded_identity_batch_from_failed_readiness_transforms_without_fp_error _

    def test_bounded_identity_batch_from_failed_readiness_transforms_without_fp_error():
        from parallelbayes.reference import make_reference
        from affine_target import affine_model
        values=np.load(ROOT/'benchmark/fixtures/affine-coordinate-v1/bounded-array.npy',allow_pickle=False)
        assert values.shape==(64,8) and np.max(np.abs(values))<4
        model=affine_model(make_reference(dict(kind='gaussian',dimension=8)),np.zeros(8),np.eye(8))
        # Identity map has no division or overflowing intermediate at these values.
        with np.errstate(over='raise',invalid='raise',divide='raise'):
>           actual=model.constrain(values)
                   ^^^^^^^^^^^^^^^^^^^^^^^

tests/external/test_inference_coordinates.py:77: 
_ _ _ _ _ _ _ _ _ _ _ _ _ _ _ _ _ _ _ _ _ _ _ _ _ _ _ _ _ _ _ _ _ _ _ _ _ _ _ _ 
examples/affine_target.py:34: in <lambda>
    model=Model(spec,d,reference,reference,gradient,lambda z:base.constrain(to_base(z)),list(base.names),base.backend)
                                                                            ^^^^^^^^^^
_ _ _ _ _ _ _ _ _ _ _ _ _ _ _ _ _ _ _ _ _ _ _ _ _ _ _ _ _ _ _ _ _ _ _ _ _ _ _ _ 

z = array([[ 2.45557986e+00, -1.91563147e+00, -2.06285312e+00,
        -2.96305491e+00,  8.28025993e-01,  1.92377589e+00,
... 1.45084697e+00,
         8.19803343e-01, -1.33499870e+00,  4.29886083e-01,
         1.16193961e+00, -1.21585099e+00]])

    def to_base(z):
>       return np.asarray(z,dtype=float)@factor.T+center
               ^^^^^^^^^^^^^^^^^^^^^^^^^^^^^^^^^^
E       FloatingPointError: divide by zero encountered in matmul

examples/affine_target.py:22: FloatingPointError
=============================== warnings summary ===============================
tests/external/test_inference_coordinates.py: 18 warnings
  /Users/haku/Workspace/ParallelBayes/.venv-inference/lib/python3.12/site-packages/torch/jit/_script.py:1488: DeprecationWarning: `torch.jit.script` is deprecated. Please switch to `torch.compile` or `torch.export`.
    warnings.warn(

-- Docs: https://docs.pytest.org/en/stable/how-to/capture-warnings.html
=========================== short test summary info ============================
FAILED tests/external/test_inference_coordinates.py::test_bounded_identity_batch_from_failed_readiness_transforms_without_fp_error
1 failed, 3 passed, 18 warnings in 2.55s
