Using Python 3.12.14 environment at: .venv-inference
Resolved 22 packages in 446ms
Downloading networkx (2.0MiB)
Downloading pygments (1.2MiB)
Downloading sympy (6.0MiB)
Downloading torch (106.1MiB)
Downloading scipy (21.4MiB)
Downloading numpy (4.8MiB)
 Downloaded pygments
 Downloaded networkx
 Downloaded numpy
 Downloaded sympy
 Downloaded scipy
 Downloaded torch
Prepared 22 packages in 4.60s
Installed 22 packages in 189ms
 + filelock==4.0.10
 + fsspec==2026.9.0
 + iniconfig==2.3.0
 + jinja2==3.1.6
 + markupsafe==3.0.4
 + mpmath==1.3.0
 + networkx==3.7
 + numpy==2.2.6
 + opt-einsum==3.4.0
 + packaging==26.3
 + pluggy==1.6.0
 + psutil==7.0.0
 + pygments==2.21.0
 + pyro-api==0.1.2
 + pyro-ppl==1.9.1
 + pytest==8.4.2
 + scipy==1.15.3
 + setuptools==84.0.0
 + sympy==1.14.0
 + torch==2.13.0
 + tqdm==4.70.1
 + typing-extensions==4.16.0
