1 36 G2 rwm 16 32 completed
2 36 G2 mala 4 128 completed
3 36 G1 mala 1 128 completed
4 36 G2 rwm 1 128 completed
5 36 G1 rwm 1 128 completed
6 36 G2 rwm 4 128 completed
7 36 G2 rwm 16 32 completed
8 36 L1 rwm 4 128 completed
9 36 G2 mala 1 128 completed
10 36 G2 rwm 4 128 completed
11 36 L1 rwm 1 512 completed
12 36 G1 mala 1 128 completed
13 36 L1 rwm 16 32 completed
14 36 G1 rwm 4 128 completed
15 36 G1 rwm 4 128 completed
16 36 L1 mala 4 128 completed
17 36 L1 rwm 1 512 completed
18 36 G2 rwm 4 128 completed
19 36 G2 rwm 1 512 completed
20 36 L1 mala 4 128 completed
21 36 L1 rwm 4 128 completed
22 36 G1 rwm 1 128 completed
23 36 G2 mala 4 128 completed
24 36 G2 rwm 1 128 completed
25 36 L1 rwm 1 128 completed
26 36 L1 mala 1 128 completed
27 36 G2 mala 1 128 completed
28 36 G1 mala 4 128 completed
29 36 G1 mala 4 128 completed
30 36 G2 rwm 1 128 completed
31 36 L1 mala 1 128 completed
32 36 G2 rwm 1 128 completed
33 36 L1 rwm 1 128 completed
34 36 L1 rwm 16 32 completed
35 36 G2 rwm 4 128 completed
36 36 G2 rwm 1 512 completed
{
  "status": "terminal",
  "protocol_sha256": "9d8985f579a64df95ebbb22ce0a607020261e5a66516efc80edcf9c956894b2c",
  "device": "cuda",
  "planned_groups": 36,
  "completed_groups": 36,
  "failed_groups": 0,
  "audited_workflows": 96,
  "all_group_identities": {
    "9ddd37f33470e4d6d948": "bc22a8ec46b28fa954fd32044f4aa35c781b588accac3572ec7b0b4b6c5c3d6b",
    "4ba974c7e6fda33d6179": "b67cf0265ff678672d513d739e9dd4054e3dc12fbcb43231e9f93da2da4c19ad",
    "db009510c6a038a7d336": "ac231c057d4891870df39f4decb49ab817ede9bce3f9e75aa9731108406b6a62",
    "0e45916f4053d69f1363": "3a7750c0dd6614e10fe541a488c1090e391e0c55b1c53d84a2cbc237bcab8d7d",
    "41ebb3a6cbdb29786f9b": "5a5dd731de1af234f6c846b0ca905e4c6f5d438c1d2ac2e845ce0a938ecbcf8d",
    "15bd073a685fcfdebd6e": "c5d0b25568d5b3e36fb339bbfc4b4c5065121299cf85ba7c26046295b326f849",
    "6fe64a55f7f4ee354d55": "21807e2f86d80dd38df436be963aaa133c8063c03c39c76f182cd6dff342fbfa",
    "3d3d5a7c06af3d9cc7a6": "c02c4bb8d6561e6998597d753438e9eafb2a3ef8cf6ee3126d1c0f62692b9185",
    "b4de2b13c23f466f1883": "0b34ef6ed2d3b1eb9f114ed7c2a2ecfddd8f0af114467666fe8763f83f9e281e",
    "036d1d236201c7b8d07c": "a286db80099b0495fa8c785db3ba6c778241687c4eb22c0ee0351f13a59dc112",
    "823278771a3d432ab7ad": "81a82d501aff73476959b3b9a8fba8daa5033a407d172fd5686fa9482182106c",
    "7993014143067fc485cd": "fce22fb01d2a9856fc18125755231bb455493a85c8c7808e6e2f28ec9264df3d",
    "54c9e2c8827114837ab0": "d3f33398bb2c435f4671371e367e0a49b5d76a671994192645f2c712aabab101",
    "782053169c32d00a2e93": "e4b3aa51a1e6a065de3ba2e2b04b4bea683f4ba6cb1ca858423dfda36b19f7c8",
    "133726dd218d56787494": "0b6dd54bee78591d992fc4c8d8815b23e06a5686dc4e88f2b460ed955dcb2c71",
    "cc2e3de0a76ce09bbd92": "854e0bcd901446d63a4a4f4342fc0ce4ff39150b20edcd9b02942b4adc75ce70",
    "de4f3c281b578ab2c8bd": "a5300d1e95d79792ced02b352dc32821d91b6e34a7dc8125a3f8455f30522626",
    "44d7b9a275a134b0a7d6": "a2fe9ede2608367d0b1c0488f4cdb33ab2bf5ff932e50014b5e2a4b7e89311f8",
    "eafc8bec072d544ebbab": "e04b36d7f7092d83a0c42001f82ff2523640211a6b7408908fb774ac474c76f5",
    "e70213bcedb7f13b198e": "7496020a01bd4fa8d7b857d5e987555ca088a8218d3e40feddb599d1090bb9a3",
    "6f1f3aa080430d7013a0": "e32ca342e615dc1c997acdf950b0e4dedea5c2a50d6e93c9d700695c8b7e4ad8",
    "1e4770cf09037111e3f1": "a2c14fd31f745199c401bd07db476877511cbf9d8d96321402698ab7905a93bf",
    "eee319e15f53bc7b64c8": "62181a9f8bfeb80e567ec441f422e18fdefb3a4f38ecc04cc849681293ca5d66",
    "04b73572d2ea745180c1": "419c0f3ea3a69058be88e1fd3cc3e17484b0501ecaffa30efa0553d65f370923",
    "66e520f2572a544f785b": "d94baed1026ebb11da7a1c534fb0dc2fa7e1d455b1d094fa3aaafad812d80ab3",
    "bf0d935aa555d9bb2ee5": "39ae907c08ec1d75639b8871a5aa789cad9405c0fe39e0b11515b84e14710624",
    "36ed2f50bd9ceb31cb1b": "e12a61ee17d212dff9cfbd63e8f91d162a9f369089a84b94e6b894914217f5f9",
    "9ed4ad1a2379acc98faa": "53b0b0e3a0423a2aeebf997ff5d38432a293b867ec85e6e4e50242606d2d4f26",
    "57554c9e201545146e62": "095cca75daa89feb3235cb7abf9a1da97ea5ec046671e74c14077acdb4ce000e",
    "e37c3c860aa24b6cc386": "7cee57df0a65652ba29b03ffccff91af26155be8cb36618adc8cb8e9811d876f",
    "a31c7b96902295727c19": "670ad53c21cec1fc90ce649006717954615afac1601d5502efdd2aa5646af115",
    "801f2e40a6daf6d32d9f": "761cf084df1a93ca3ba4cdb35e8edcca844060d79f7d85fb15e6e4911e9eddf5",
    "e8711d47d46f98cca26c": "c2f5d746715c55bfbe250acd695d95543fbce907e0b535351d6ec3c7b0fb248d",
    "b6c942d8354585579f51": "e337b3cfe925399f8f23dc8647d05d08c531ebaec6264a026a0ff3963cfa8fb8",
    "32a2afea23f433784944": "4ef03eb0c5cd2c07ee06ff59e855e01ddde7c165c2cc8348a5dc96ce1b3115ee",
    "38fccea812fd56fa5bca": "b0a9fcb7de3a1f9b575feb5473a75818e1bc39a33e1eadf21c040b1e41b428f0"
  },
  "independent_tapes_per_model": 2,
  "inference_claim": false
}
