{
  "protocol_sha256": "bde0b76104fbe233105848a113d4b67b6ac1dca86231ee904a680ecc23741c5e",
  "scientific_source_commit": "b1434a1d8dd6d4bc99c9e975c8f12fc7ae6b3347",
  "stage": "torch",
  "status": "passed",
  "source_manifest_sha256": "b64415687a58d3e2c34444d9e32523154b6002d960e505e31e2510d8356420ab",
  "propriety": {
    "certified": true,
    "witnesses": [
      {
        "distance_metres": 3.25200009346008,
        "scaled_distance": 0.0325200009346008,
        "zero_index": 532,
        "one_index": 530
      },
      {
        "distance_metres": 151.065994262695,
        "scaled_distance": 1.51065994262695,
        "zero_index": 2883,
        "one_index": 189
      }
    ],
    "determinant": 1.4781399416923493,
    "integral_upper_bound": 2.7061037234541727,
    "duplicate_outcome_distances": 31,
    "bound": "L(alpha,beta) <= exp(-abs(alpha+x1*beta)-abs(alpha+x2*beta))",
    "scope": "Sufficient integrability certificate for the exact likelihood and flat alpha/beta prior"
  },
  "python": "3.12.14 (main, Aug 25 2026, 14:01:42) [MSC v.1944 64 bit (AMD64)]",
  "platform": "Windows-11-10.0.26200-SP0",
  "scope": "Model and fixed-tape integration validation only; not performance, convergence or posterior accuracy evidence",
  "versions": {
    "numpy": "2.2.6",
    "scipy": "1.15.3",
    "torch": "2.13.0+cu130"
  },
  "target_id": "1fbe37b8e300f91afb72f1e22faeced36ad153ea5fdf88c008f78ced541ee0cc",
  "environment": {
    "provider": "native_torch",
    "python": "3.12.14 (main, Aug 25 2026, 14:01:42) [MSC v.1944 64 bit (AMD64)]",
    "python_executable": "D:\\workspace\\ParallelBayes\\.venv-win-torch\\Scripts\\python.exe",
    "os": "Windows-11-10.0.26200-SP0",
    "torch": "2.13.0+cu130",
    "cuda_build": "13.0",
    "cuda_available": true,
    "gpu_name": "NVIDIA GeForce RTX 5080",
    "ram_bytes": 33346146304,
    "cpu_threads": 1,
    "dtype": "float64"
  },
  "jax_imported": false,
  "validation": {
    "target_id": "1fbe37b8e300f91afb72f1e22faeced36ad153ea5fdf88c008f78ced541ee0cc",
    "device": "cuda",
    "errors": {
      "relative_density": 9.094947017729282e-13,
      "gradient": 6.821210263296962e-13,
      "hvp": 1.2787745617970359e-07,
      "constrain": 0.0
    },
    "passed": true,
    "hvp_reference": "central difference of independent analytic NumPy gradient; epsilon=1e-5"
  },
  "tape_sha256": "90d0a90190fd2d4376d94d038f72ebb32d4920ba4dae7aaab3cb11bf6d34bddc",
  "tape_file_sha256": "d07f8f401a1231c408544cd7acc1408775eded1af88e5594b04dc1ddeded440e",
  "runs": {
    "mala-sequential": {
      "status": "completed",
      "audit": {
        "passed": true,
        "max_abs_path_error": [
          1.1102230246251565e-16,
          2.220446049250313e-16,
          1.1102230246251565e-16,
          2.220446049250313e-16
        ],
        "acceptance_mismatches": [
          0,
          0,
          0,
          0
        ],
        "max_abs_constrained_error": [
          1.1102230246251565e-16,
          2.220446049250313e-16,
          1.1102230246251565e-16,
          2.220446049250313e-16
        ],
        "oracle": "independent_numpy_float64"
      },
      "accepted": 360,
      "sample_seconds": 0.29695170000195503,
      "raw_sha256": "240c04ead08870e628d5a40568cc21d8eb8e74bee2d6bd502a22a6ea13c9f8a7",
      "record_sha256": "c31f01feabedea13ae2dc8544629031eb724956db8f7955126871965378566f2"
    },
    "mala-quasi_deer": {
      "status": "completed",
      "audit": {
        "passed": true,
        "max_abs_path_error": [
          9.050948879263387e-11,
          1.774302926804694e-11,
          2.0025703317827492e-11,
          1.6266543667597944e-11
        ],
        "acceptance_mismatches": [
          0,
          0,
          0,
          0
        ],
        "max_abs_constrained_error": [
          9.050948879263387e-11,
          1.774302926804694e-11,
          2.0025703317827492e-11,
          1.6266543667597944e-11
        ],
        "oracle": "independent_numpy_float64"
      },
      "accepted": 360,
      "sample_seconds": 1.146446400001878,
      "raw_sha256": "0ae1c86ccc8fd9f6c7aaa807a6d6aede71ea024509f056dd2cb1a487a953bcca",
      "record_sha256": "a5b2c4de9e84e797942b71a9d5d400d0998f1550586ffa231f6c88a72d8aa20d"
    },
    "rwm-sequential": {
      "status": "completed",
      "audit": {
        "passed": true,
        "max_abs_path_error": [
          0.0,
          0.0,
          0.0,
          0.0
        ],
        "acceptance_mismatches": [
          0,
          0,
          0,
          0
        ],
        "max_abs_constrained_error": [
          0.0,
          0.0,
          0.0,
          0.0
        ],
        "oracle": "independent_numpy_float64"
      },
      "accepted": 195,
      "sample_seconds": 0.055112599991844036,
      "raw_sha256": "9992f233f1233e24cde45461ecf2786cde0818e50647666d661837b328974ee2",
      "record_sha256": "8e9e55547830394ccd905d0a90b38821425479b770b96fdd36703ce5a76c8f85"
    },
    "rwm-online_picard": {
      "status": "completed",
      "audit": {
        "passed": true,
        "max_abs_path_error": [
          2.220446049250313e-16,
          2.220446049250313e-16,
          1.1102230246251565e-16,
          6.661338147750939e-16
        ],
        "acceptance_mismatches": [
          0,
          0,
          0,
          0
        ],
        "max_abs_constrained_error": [
          2.220446049250313e-16,
          2.220446049250313e-16,
          1.1102230246251565e-16,
          6.661338147750939e-16
        ],
        "oracle": "independent_numpy_float64"
      },
      "accepted": 195,
      "sample_seconds": 0.09106810000957921,
      "raw_sha256": "3e647f302d64dd6da8d3a31461deeafbf60033743389cfedb066d55a39c6ec32",
      "record_sha256": "59b5ee7f09bacf9627c3fc2782753fd3a453ce298f001ccc9962047deb0ac7e3"
    }
  },
  "pairs": [
    {
      "kernel": "mala",
      "max_path_difference": 9.050948879263387e-11,
      "acceptance_mismatches": 0,
      "passed": true
    },
    {
      "kernel": "rwm",
      "max_path_difference": 6.661338147750939e-16,
      "acceptance_mismatches": 0,
      "passed": true
    }
  ]
}
