/Users/haku/Workspace/ParallelBayes/.venv-inference/lib/python3.12/site-packages/numpy/linalg/_linalg.py:2325: RuntimeWarning: divide by zero encountered in slogdet
  sign, logdet = _umath_linalg.slogdet(a, signature=signature)
/Users/haku/Workspace/ParallelBayes/.venv-inference/lib/python3.12/site-packages/numpy/linalg/_linalg.py:2325: RuntimeWarning: overflow encountered in slogdet
  sign, logdet = _umath_linalg.slogdet(a, signature=signature)
/Users/haku/Workspace/ParallelBayes/.venv-inference/lib/python3.12/site-packages/numpy/linalg/_linalg.py:2325: RuntimeWarning: invalid value encountered in slogdet
  sign, logdet = _umath_linalg.slogdet(a, signature=signature)
{
  "short-v2": {
    "profile": "owned-cache-runtime-mac-short-v2",
    "probes": 16,
    "measurement_available": 16,
    "saved_call_records": 64,
    "saved_audits_passed": 64,
    "saved_acceptance_mismatches": 0,
    "saved_max_abs_path_error": 2.220446049250313e-15,
    "verified_outer_calls": 32,
    "known_executor_seconds": 4.386924168989935,
    "previous_statistical_comparisons_unchanged": true,
    "paired_groups": 4,
    "new_executor_calls": 0,
    "new_independent_audits": 0,
    "new_independent_repetitions": 0,
    "samples_eligible": false,
    "native_windows_validated": false
  },
  "maximum-v2": {
    "profile": "owned-cache-runtime-mac-maximum-v2",
    "probes": 4,
    "measurement_available": 4,
    "saved_call_records": 16,
    "saved_audits_passed": 16,
    "saved_acceptance_mismatches": 0,
    "saved_max_abs_path_error": 6.012670361599248e-10,
    "verified_outer_calls": 8,
    "known_executor_seconds": 417.5403542090007,
    "previous_statistical_comparisons_unchanged": true,
    "paired_groups": 0,
    "new_executor_calls": 0,
    "new_independent_audits": 0,
    "new_independent_repetitions": 0,
    "samples_eligible": false,
    "native_windows_validated": false
  }
}
