{
  "protocol_sha256": "9d8985f579a64df95ebbb22ce0a607020261e5a66516efc80edcf9c956894b2c",
  "source_commit": "97e6835476bf71f48c1236e7cc77f235e5191d6c",
  "run_manifest_sha256": "6a4f9a9ccc9c26c5ca640b79f738b9f1ac5f0e091f5c202b57826af9f5cb79df",
  "state_sha256": {
    "7993014143067fc485cd": "f7f662e138da611014457e65d92e180819b207c9ba237a04b61a01d3e7b0c121",
    "57554c9e201545146e62": "9da95c1fbf318de977b813aec2446a6c2c182e014ca5ace9b13fd37cfc777953",
    "db009510c6a038a7d336": "d04dae160e891317ead301779f90b38bb86dce30993e080169f6a7066763df02",
    "9ed4ad1a2379acc98faa": "b5d230467e9ebb13b43cf2a015ec9bc592961414dd425dda64152a6ea507f8a2",
    "41ebb3a6cbdb29786f9b": "c02700b27d827691b19de4e82864eb6c3487f9efbdbce2fc22fce26e3671c351",
    "782053169c32d00a2e93": "b2526de0eccdabaca07f8ff7936b9a5baf8b35fc3bdef4c960b1d65b454e7226",
    "1e4770cf09037111e3f1": "e990b3cc827a23f6f19aa8c27144644ad89339b3b2171791c862dc22a1e6a431",
    "133726dd218d56787494": "fdce90ab1baf0846c963e164beccbc2f2503e241fd577282448ac90bf919f13e",
    "36ed2f50bd9ceb31cb1b": "9a8a70719df7ee2bcf99e49c9695f4c1b7cfd6b35d8f29d940f1804f092effda",
    "4ba974c7e6fda33d6179": "39b3a3c6aa9863ede302d984a73b60532ff5bff87f130852448d053bc3e0857b",
    "b4de2b13c23f466f1883": "b9275b0c29fd7965360215811b8312936eba35f221d7290744eb99af8702c03e",
    "eee319e15f53bc7b64c8": "a488d897877748c8b088069d7d58ec28f3a1ee868d9f34f31d585c33166601ea",
    "04b73572d2ea745180c1": "17994b4a8e671e241902a682bbf0694992c41e1fc894b0c39931665e2779c9ce",
    "44d7b9a275a134b0a7d6": "71e5276e5a4cd3a1c11478684275120ee801c9222421c026c4668198f8e68867",
    "801f2e40a6daf6d32d9f": "00c1d62a5d576ef35d932ab9236cb26e2d16868ba928fe986769396e50ae8932",
    "15bd073a685fcfdebd6e": "13bbf8fc2ce64d4b5e4399cb1aaa2240e8c99a779c165aa79499d4af6b16e323",
    "bf0d935aa555d9bb2ee5": "0ce5dff722a72dd509801abda42ec548598cf9b21b330b4e538f22aa7db0b1d9",
    "cc2e3de0a76ce09bbd92": "ddb6617a1bb47eab273fa88287a2f1a7b33f9048bf2acd5b120fe9f0759ea76a",
    "a31c7b96902295727c19": "8ad580c1076b0b595381860e4f679199adc379650164d5f266077351bf932e77",
    "e70213bcedb7f13b198e": "b2362f92ce3602edd25ae79f8aaf7ffdf4c202885439ae8799f7af2566bb3409",
    "e8711d47d46f98cca26c": "8daa4de262a866db104a769ee5b82bab34473d2eca05457be4dbdbf1e8f7138a",
    "3d3d5a7c06af3d9cc7a6": "30f55fae218cd27c90f79b58442fd37eab920f87d7e36627f358f1f74f3f1947",
    "66e520f2572a544f785b": "ef322bf6240954ccc36be008d3afc914e902e7adb6bdada5177474d8b38cd0f2",
    "6f1f3aa080430d7013a0": "28a67e5ebb93225a9aa9c8de22536e7eb22a32a5d466a865dcfb6bc962b6047d",
    "e37c3c860aa24b6cc386": "620a7df336d0bff46e1c4c88cac67364199c1633c0261ad8e49d1b4a95b18c19",
    "32a2afea23f433784944": "3e12970615c6ccdcf77ae1360cc7bc769250835d381b9135a9e92223612f067a",
    "38fccea812fd56fa5bca": "6aaabc1d8a65523a67afd25ef3dd7a7aba2101c1775ac9366f2f9c5631c4754d",
    "9ddd37f33470e4d6d948": "504eb7139b1b9b847ffb2a34102c9a6ab073651205beac0d01b30fc71840d134",
    "823278771a3d432ab7ad": "042f7734c1033af8e6a4225300cea5c8ec0880928b6bdc4facbd0bf2739be61e",
    "54c9e2c8827114837ab0": "7c304443725de4fcb197c757275dde4fba99cde9d25f7527d01427c6ccf3059f",
    "0e45916f4053d69f1363": "8cd5d8be7e39a9c9e182c0e2e8c4a40f6db0e86ca28ebff7e178d4f688888c82",
    "036d1d236201c7b8d07c": "3b3f0693c0e56aa8f1cda1cf6b39c8f956942aa17f39cb2fd8893d256387e0cb",
    "eafc8bec072d544ebbab": "6c9cdb21952e2864933538c388810be64f87006aca79cea87e39d76e31aa7372",
    "6fe64a55f7f4ee354d55": "06c6e2c01e1386b2ef0afc24bab4748a6998c42c47a5c88dbc1ed82204d897bc",
    "de4f3c281b578ab2c8bd": "e1cc2b7f67da28e1072c64f3262d4a3a12a1b9e813191d1868f288743076aae1",
    "b6c942d8354585579f51": "9a2e272b8a41661086714f01b9fe799fc77827262638a4dba77105173519d1ef"
  },
  "analyzer_sha256": "1fe99303d47eb407c93d5b2a0cafb61bde8f26a55cba97d0812a8bb92df2110b",
  "device": "cuda",
  "groups_planned": 36,
  "input_verification": {
    "mode": "frozen_files",
    "files": 6,
    "hashes": {
      "G1-r0": {
        "actual_sha256": "ea71804657be62b2d7fad4da5813620fb02a920bba03e556f5f6d39f6bd6a9fb",
        "file_sha256": "834d35bad5b22edd90a3067e98aa4417232750a5ef16b2dead2404555762dc0d"
      },
      "G1-r1": {
        "actual_sha256": "3fcd24a5389a7a31c35b31bedc1754d277f881343f54e1eae7d95241e739c72d",
        "file_sha256": "88192b4eb218dbf6be797108329fc4fcd4f03d9cef598bbe585611c9e3525db9"
      },
      "G2-r0": {
        "actual_sha256": "dc628c3e6e8dc573145e9e511e3d53f24c4b2f09f7ce511c1d011bd7a516fab5",
        "file_sha256": "50bde69cf317b7cf1ca0c0dda4b83556576c11c187e6216a6f5c214f9097ee50"
      },
      "G2-r1": {
        "actual_sha256": "1f1205fc50e5b8541a7dcda6d5bc013bc97875de1a85cb95141aae8dbf77b642",
        "file_sha256": "9434678a72e9d5384f564324476620693eb10440a48149c9d5bc969bd990e095"
      },
      "L1-r0": {
        "actual_sha256": "fd8f42471df740eaa23ab2e6a52c5cf28d1f7042aa1cb82101736f75ec403139",
        "file_sha256": "5507bb4b1388af5d73d98e1a099661692e980c3b1bb8f86a0c99e5a2f2425c4e"
      },
      "L1-r1": {
        "actual_sha256": "b57baef7365776f1a09b149858276db2021598f2517970c44b2863c5a7a6fb7f",
        "file_sha256": "e634b387e330b0cd7519859cf987a06a9c6e70dfbfb895e039408b11741b1054"
      }
    }
  },
  "groups_completed": 36,
  "groups_failed": 0,
  "groups_pending": 0,
  "workflows_planned": 96,
  "workflows_completed": 96,
  "workflow_status_counts": {
    "completed": 96
  },
  "independent_tapes_per_model": 2,
  "technical_replays": 3,
  "scope": "Descriptive pilot tables; no confidence intervals, inference convergence or general speedup claim",
  "cost_note": "Fixed-state probe operations overlap in real execution and must not be added. Post-probe timing is a sensitivity check, not causal overhead subtraction."
}
