1 36 G2 rwm 16 32 completed
2 36 G2 mala 4 128 completed
3 36 G1 mala 1 128 completed
4 36 G2 rwm 1 128 completed
5 36 G1 rwm 1 128 completed
6 36 G2 rwm 4 128 completed
7 36 G2 rwm 16 32 completed
8 36 L1 rwm 4 128 completed
9 36 G2 mala 1 128 completed
10 36 G2 rwm 4 128 completed
11 36 L1 rwm 1 512 completed
12 36 G1 mala 1 128 completed
13 36 L1 rwm 16 32 completed
14 36 G1 rwm 4 128 completed
15 36 G1 rwm 4 128 completed
16 36 L1 mala 4 128 completed
17 36 L1 rwm 1 512 completed
18 36 G2 rwm 4 128 completed
19 36 G2 rwm 1 512 completed
20 36 L1 mala 4 128 completed
21 36 L1 rwm 4 128 completed
22 36 G1 rwm 1 128 completed
23 36 G2 mala 4 128 completed
24 36 G2 rwm 1 128 completed
25 36 L1 rwm 1 128 completed
26 36 L1 mala 1 128 completed
27 36 G2 mala 1 128 completed
28 36 G1 mala 4 128 completed
29 36 G1 mala 4 128 completed
30 36 G2 rwm 1 128 completed
31 36 L1 mala 1 128 completed
32 36 G2 rwm 1 128 completed
33 36 L1 rwm 1 128 completed
34 36 L1 rwm 16 32 completed
35 36 G2 rwm 4 128 completed
36 36 G2 rwm 1 512 completed
{
  "status": "terminal",
  "protocol_sha256": "9d8985f579a64df95ebbb22ce0a607020261e5a66516efc80edcf9c956894b2c",
  "device": "cpu",
  "planned_groups": 36,
  "completed_groups": 36,
  "failed_groups": 0,
  "audited_workflows": 96,
  "all_group_identities": {
    "9ddd37f33470e4d6d948": "ae860bf6935a87e58b9d2ed5b20ea8723380e931e737be2be435eb42f657359a",
    "4ba974c7e6fda33d6179": "5473c799b32b60ca1a356f92295dde51475922a89b4d5ff53eb53c2a53b2644b",
    "db009510c6a038a7d336": "b2a52c971f7aa80de2c1594a620193d1e850b0e0a164e1c71ea06bd6cd539c90",
    "0e45916f4053d69f1363": "c732f6053ee4ae44f3a7bb6e37593c87144e384da2bfa8575f0814892e3d80ba",
    "41ebb3a6cbdb29786f9b": "6477f34bc50b2102c9fdcde7bdcecd90c6e45f5b259a33f202e37841936a1321",
    "15bd073a685fcfdebd6e": "739f3e1da9f6296ba2f1b23c2c3ff826bb995efa4886074824f1fe552450607a",
    "6fe64a55f7f4ee354d55": "9ecbf65a60cf706c419f5919e23e8694385cd71c2945528c0a0d15f4260713e5",
    "3d3d5a7c06af3d9cc7a6": "c22a82a08197c8ec1ae555a92dd78fb04e6e8dc179d663fc855ad3d97a6ea6fb",
    "b4de2b13c23f466f1883": "3a3e40b1d182a04902670ed0919f7fe23fb26471977f6b1c89417478d1ef59d4",
    "036d1d236201c7b8d07c": "01a7ec055646f3d11c77eaec9823f4417255ee7451888dbf479ed99bb673e15d",
    "823278771a3d432ab7ad": "408b0dad3d76c7ae83ab1b8e8450baa12546b092fe69cd4fdbfd94f7b3d8bd0f",
    "7993014143067fc485cd": "b2a1b2427dad5d9da1ca0ec61651c830628cdba339db49f17196a3c83953bc1c",
    "54c9e2c8827114837ab0": "779063f4455fe672128e79ac02a14cd94601573ce7781d55a27568e613477481",
    "782053169c32d00a2e93": "96351a70504ff835979f3d2e29dcca6c73cc49ec1655d0acf1436001ead34189",
    "133726dd218d56787494": "ddeda38839ced65df973670bcfb770827d0f75ccc7a0377b92c8c82dbebf8950",
    "cc2e3de0a76ce09bbd92": "d8ebc98d2538e1cd3aab2a331eba0cdda8f5e67cfc88f32550d0d2f6b978913d",
    "de4f3c281b578ab2c8bd": "1348078ab22b8386445c414fd25a164bc4a9ce18a4c0996a9a25ce117bb175d3",
    "44d7b9a275a134b0a7d6": "3091ae5699a1704d469608346f7a3b82f3ef1939a2b1ce793ce0a85a0525b2f0",
    "eafc8bec072d544ebbab": "518070b78a10ac03341380ef9ba5681eaeb33621101c70cefe59846ba708b671",
    "e70213bcedb7f13b198e": "cc71fcb7ccf329d231768d8562bd2876169da13a948c3947bc1392b3a57b6688",
    "6f1f3aa080430d7013a0": "4a3e51ec981d2e82bb1f5a49266ef2d6ace7ad2b0e6d847085e7e47c7670e9d9",
    "1e4770cf09037111e3f1": "b57e2e53c54cc996760f6169646f8d3c1bbf69bd8854fe87c583551856df6c23",
    "eee319e15f53bc7b64c8": "b722716e7765aa2539bd05a40b35840969cb83c8f57d3d1ccb6d2b6e6440e1ea",
    "04b73572d2ea745180c1": "8bf010dcad3e15c5191ffef6f3f662dc7ded83f08a9b17a09d0863c39df0bba4",
    "66e520f2572a544f785b": "8ad11c54433c492f13010886cdd4a81f5bfadf6c7e04c38aac392271dd347101",
    "bf0d935aa555d9bb2ee5": "15d03a86e37231edc0f57efa0262409960e4a3bdf103ab73df6cb2e19bccfe32",
    "36ed2f50bd9ceb31cb1b": "9ded50c70ad01e3b0ff28bea06c861dd5fa6239d34c13c20a63265f4ceb9ddcc",
    "9ed4ad1a2379acc98faa": "049de7ebdff08636e3dabb426d10eb53a4470185dbc358d18d71041cc4fa10e3",
    "57554c9e201545146e62": "e71747c7b86aaad930d7b9c4fb974f64a2cea908ee96414e42eb3e3347191f07",
    "e37c3c860aa24b6cc386": "855d70e46fc86d39cbda4f39779784686dedd7350996f8ecb5920d61448d1dfd",
    "a31c7b96902295727c19": "0091c5af7aab52df581f7d3f02627fbcef941fb95e14bbd57a7d7dcfe14d4593",
    "801f2e40a6daf6d32d9f": "df15a52cc14616b55bf1a37b0e336913588f58059ab36160dd6fbb68b6b08cec",
    "e8711d47d46f98cca26c": "10824c66325dbf34b4c15a70cf3aadfc80c109e47e834f3287107bca418d5fcc",
    "b6c942d8354585579f51": "73b26d1b0e08fb7e137c134be08763f73913e517de7739fda71dfbd1c9505fac",
    "32a2afea23f433784944": "a9a459dd0284dff52b2dab212bc4f4b479d8d3efbb78fa122a49c895e32c6f4c",
    "38fccea812fd56fa5bca": "ef5a2904302568a9fba62ffbb51374ff184be3443229798d7fc98fc3f7683b47"
  },
  "independent_tapes_per_model": 2,
  "inference_claim": false
}
