F                                                                        [100%]
=================================== FAILURES ===================================
______ test_only_eligible_registered_raw_output_enters_function_analysis _______

tmp_path = PosixPath('/private/var/folders/gv/dfzdj0l16ks_jlqb52rq33br0000gn/T/pytest-of-haku/pytest-91/test_only_eligible_registered_0')

    @pytest.mark.skipif(sys.platform!='darwin',reason='Artificial evidence producer uses native Mac runtime')
    def test_only_eligible_registered_raw_output_enters_function_analysis(tmp_path):
        from formal_coordinator import TaskCoordinator
        from formal_evidence import RuntimeEvidence
        from formal_runtime import file_hash
        from mechanism_runner import actual_hash
        from parallelbayes.reference import make_reference
        from formal_runtime_analysis import extract_task
        evidence_root=tmp_path/'evidence';evidence_root.mkdir()
        model=make_reference(dict(kind='gaussian',dimension=2,mean=[0.,0.],covariance=[[1.,0.],[0.,1.]]))
        tape=dict(noise=np.zeros((4,5,2)),log_uniform=np.zeros((4,5)),directions=np.ones((4,5,2)))
        payload=dict(tape,initial=np.zeros((4,2)),nuts_seeds=np.arange(4,dtype=np.uint32))
        inputs=evidence_root/'inputs.npz';np.savez_compressed(inputs,**payload)
        draws=np.zeros((4,5,2));draws[:,0,0]=99.
        draws[:,1:,0]=[[0.,1.,2.,-1.],[-2.,-1.,0.,1.],[2.,3.,4.,1.],[0.,0.,0.,0.]]
        worker=tmp_path/'worker.py'
        worker.write_text('''import json,sys,numpy as np
    from pathlib import Path
    out=Path(sys.argv[2]);r=json.loads(Path(sys.argv[1]).read_text());x=np.array(r['artificial_draws'],dtype=float)
    np.savez_compressed(out/'fit.npz',draws=x,unconstrained=x,accept=np.ones(x.shape[:2],bool))
    audit=dict(passed=True,acceptance_mismatches=[0,0,0,0],oracle='artificial_fixture_not_sampler_evidence')
    (out/'fit.json').write_text(json.dumps(dict(status=r['status'],target_id=r['target_id'],config=r['config'],audit=audit,tape_sha256=r['tape_sha256'])))
    (out/'worker-result.json').write_text(json.dumps(dict(status=r['status'],samples_eligible=r['status']=='completed',target_id=r['target_id'],task=r['science_task'],protocol_sha256='science-fixture',full_MH_audit=audit)))
    ''')
        c=TaskCoordinator(tmp_path/'host.lock');locations={};contracts=[]
        for status in ('completed','failed','contradictory'):
            science=dict(id=status,model='G',kernel='mala' if status=='contradictory' else 'rwm',executor='sequential',device='cpu',replicate=0)
            task=dict(science,protocol_sha256='registry-fixture')
            config=dict(kernel='rwm',executor='sequential',device='cpu',chains=4,draws=5,initial=payload['initial'].tolist(),step_size=.1)
            request=dict(task_id=status,status='completed' if status=='contradictory' else status,science_task=science,target_id=model.target_id,
                         artificial_draws=draws.tolist(),config=config,tape_sha256=actual_hash(tape))
            out=evidence_root/status;c.run(task,request,worker,out,0,2**30);locations[str(out)]=status
            contracts.append(dict(task=task,original=str(out),model='G',workflow=status,budget=4,replicate='0',
                scientific_task=science,scientific_protocol_sha256='science-fixture',science_directory='attempt-0001',
                target_id=model.target_id,chains=4,discard=1,expected_config=config,
                input_relative='inputs.npz',input_sha256=file_hash(inputs),actual_input_sha256=actual_hash(payload)))
        snapshot=evidence_root/'snapshot.sqlite3'
        with sqlite3.connect(c.registry_path/'registry.sqlite3') as src:
            with sqlite3.connect(snapshot) as dst:src.backup(dst)
        with RuntimeEvidence(snapshot,file_hash(snapshot),evidence_root,locations) as evidence:
            good=extract_task(evidence,contracts[0],model,tmp_path/'analysis-good')
            assert good['means']==[.625,2.625,.25] and good['function_status']=='completed'
            assert good['history']['summary']['attempt_count']==1
            bad=extract_task(evidence,contracts[1],model,tmp_path/'analysis-failed')
            assert bad['means'] is None and bad['outcome']=='output_failure_unclassified'
            assert bad['function_status']=='unavailable'
            assert not (tmp_path/'analysis-failed/functions.bin').exists()
            wrong=dict(contracts[0],target_id='different-model')
            with pytest.raises(ValueError,match='target'):
                extract_task(evidence,wrong,model,tmp_path/'wrong-model')
>           with pytest.raises(ValueError,match='Kernel/executor'):
                 ^^^^^^^^^^^^^^^^^^^^^^^^^^^^^^^^^^^^^^^^^^^^^^^^^
E           Failed: DID NOT RAISE <class 'ValueError'>

tests/external/test_runtime_analysis.py:64: Failed
=========================== short test summary info ============================
FAILED tests/external/test_runtime_analysis.py::test_only_eligible_registered_raw_output_enters_function_analysis
1 failed in 0.57s
