{"starting": "G1", "device": "cpu"}
{"done": "G1", "status": "completed"}
{"starting": "G2", "device": "cpu"}
/Users/haku/Workspace/ParallelBayes/.venv-inference/lib/python3.12/site-packages/numpy/linalg/_linalg.py:2325: RuntimeWarning: divide by zero encountered in slogdet
  sign, logdet = _umath_linalg.slogdet(a, signature=signature)
/Users/haku/Workspace/ParallelBayes/.venv-inference/lib/python3.12/site-packages/numpy/linalg/_linalg.py:2325: RuntimeWarning: overflow encountered in slogdet
  sign, logdet = _umath_linalg.slogdet(a, signature=signature)
/Users/haku/Workspace/ParallelBayes/.venv-inference/lib/python3.12/site-packages/numpy/linalg/_linalg.py:2325: RuntimeWarning: invalid value encountered in slogdet
  sign, logdet = _umath_linalg.slogdet(a, signature=signature)
{"done": "G2", "status": "completed"}
{"starting": "A1", "device": "cpu"}
{"done": "A1", "status": "completed"}
{"starting": "L1", "device": "cpu"}
{"done": "L1", "status": "completed"}
{"starting": "L2", "device": "cpu"}
{"done": "L2", "status": "completed"}
{"starting": "H1", "device": "cpu"}
{"done": "H1", "status": "completed"}
{"starting": "H2", "device": "cpu"}
{"done": "H2", "status": "completed"}
{"starting": "M1", "device": "cpu"}
{"done": "M1", "status": "completed"}
{"starting": "W1", "device": "cpu"}
{"done": "W1", "status": "completed"}
{
  "protocol_sha256": "12f3cdcc1c68ffbd48ba8bb1209271f359572979bfc60992cad88ed34424c34b",
  "device": "cpu",
  "planned_targets": 9,
  "completed_targets": 9,
  "failed_targets": 0,
  "planned_workflows": 54,
  "completed_workflows": 54,
  "failed_workflows": 0,
  "passed_pairs": 36,
  "planned_pairs": 36,
  "newly_executed_targets": 9,
  "invocation_seconds": 60.40586833283305,
  "scope": "Device/target and selected-kernel time-executor readiness. Not formal inference, convergence or performance evidence.",
  "formal_inference_complete": false
}
