{
  "archive_sha256": "86ce1dd970264f3c084bdf3f4c17da52f323f31abcc8dcf222a180d2340ce4a1",
  "archive_member_hashes_verified": 187,
  "command": [
    "/Users/haku/Workspace/ParallelBayes/.venv-inference/bin/python",
    "scripts/completion/audit_selected_mh.py",
    "--protocol",
    "benchmark/protocols/selected-mh-readiness-mac-v1.json",
    "--inputs",
    "benchmark/fixtures/selected-mh-readiness-v1",
    "--run",
    "/Users/haku/Workspace/ParallelBayes/output/research-completion/selected-mh-rebuild-01/extracted/selected-mh-readiness-v1/run",
    "--source",
    "/Users/haku/Workspace/ParallelBayes/output/research-completion/selected-mh-rebuild-01/extracted/selected-mh-readiness-v1/wells-source",
    "--output",
    "/Users/haku/Workspace/ParallelBayes/output/research-completion/selected-mh-rebuild-01/rebuilt-audit"
  ],
  "exit_code": 0,
  "source_executed_from_separate_archive_extraction": true,
  "per_target_replay_results_exact": true,
  "checked_workflows": 54,
  "acceptance_mismatches": 0,
  "new_MCMC_fits": 0,
  "summary_identity": "Original analysis refers to saved pre-resume summary; rebuilt analysis refers to archived resumed summary. Both checked, not overwritten.",
  "limitation": "Same Mac and existing Python dependencies; this companion rebuild is not clean installation, external team or full manuscript reproduction."
}
