{"starting": "G1", "device": "cpu"}
{"done": "G1", "status": "completed"}
{"starting": "G2", "device": "cpu"}
{"done": "G2", "status": "completed"}
{"starting": "A1", "device": "cpu"}
{"done": "A1", "status": "completed"}
{"starting": "L1", "device": "cpu"}
{"done": "L1", "status": "completed"}
{"starting": "L2", "device": "cpu"}
{"done": "L2", "status": "completed"}
{"starting": "H1", "device": "cpu"}
{"done": "H1", "status": "completed"}
{"starting": "H2", "device": "cpu"}
{"done": "H2", "status": "completed"}
{"starting": "M1", "device": "cpu"}
{"done": "M1", "status": "completed"}
{"starting": "W1", "device": "cpu"}
{"done": "W1", "status": "completed"}
{
  "protocol_sha256": "de1a3bdb35fef84c98fe502cc925574f9092f16da5959f691490b5f1ee55d2e5",
  "device": "cpu",
  "planned_targets": 9,
  "completed_targets": 9,
  "failed_targets": 0,
  "planned_workflows": 54,
  "completed_workflows": 54,
  "failed_workflows": 0,
  "passed_pairs": 36,
  "planned_pairs": 36,
  "newly_executed_targets": 9,
  "invocation_seconds": 56.83514060000016,
  "scope": "Device/target and selected-kernel time-executor readiness. Not formal inference, convergence or performance evidence.",
  "formal_inference_complete": false
}
